<?xml version="1.0" encoding="UTF-8"?>
<testsuites name="jest tests" tests="4" failures="0" errors="0" time="1.437">
  <testsuite name="testing routes" errors="0" failures="0" skipped="0" timestamp="2023-02-04T12:49:54" time="1.379" tests="4">
    <testcase classname="testing routes get " name="testing routes get " time="0.602">
    </testcase>
    <testcase classname="testing routes post request to add note" name="testing routes post request to add note" time="0.096">
    </testcase>
    <testcase classname="testing routes update request to update note" name="testing routes update request to update note" time="0.032">
    </testcase>
    <testcase classname="testing routes delete request to delete note" name="testing routes delete request to delete note" time="0.025">
    </testcase>
  </testsuite>
</testsuites>